$files.lst       1726  22-11-93   2:00 ** Archive contents (this file) **
xms.doc         27125  22-11-93   2:00 XMS classes (documentation)
xms.h           10943  22-11-93   2:00 XMS classes (header)
xms.cpp         12955  22-11-93   2:00 XMS classes (body)
xms.obj          3524  22-11-93   2:00 XMS classes (large model object)
xmsarray.h       5975  22-11-93   2:00 XMS array class (header, templated)
xmsarray.cpp    11739  22-11-93   2:00 XMS array class (body)
xmsarray.obj     3483  22-11-93   2:00 XMS array class (large model object)
doserror.h       2681  22-11-93   2:00 DOS error handler class (header)
doserror.cpp     3151  22-11-93   2:00 DOS error handler class (body)
doserror.obj     1248  22-11-93   2:00 DOS error handler (large model object)
makefile.mak     2186  22-11-93   2:00 XMS class library makefile
xmstest.cpp      8348  22-11-93   2:00 XMS class test program (source)
xmstest.exe     20282  22-11-93   2:00 XMS class test program (executable)
xmstime.cpp      4060  22-11-93   2:00 XMS class timing test (source)
xmstime.exe     30164  22-11-93   2:00 XMS class timing test (executable)
umbtest.cpp      7210  22-11-93   2:00 UMB class test program (source)
umbtest.exe     19720  22-11-93   2:00 UMB class test program (executable)
hmatest.cpp      5645  22-11-93   2:00 HMA class test program (source)
hmatest.exe     19112  22-11-93   2:00 HMA class test program (executable)
xarrtest.cpp     7366  22-11-93   2:00 XMS array test program (source)
xarrtest.exe    22844  22-11-93   2:00 XMS array test program (executable)
xarrtime.cpp     5421  22-11-93   2:00 XMS array timing test (source)
xarrtime.exe    41704  22-11-93   2:00 XMS array timing test (executable)
